[{"stream_name":"stderr","time":6.6890499420000005,"data":"0.00s - Debugger warning: It seems that frozen modules are being used, which may\n"}
,{"stream_name":"stderr","time":6.689130862,"data":"0.00s - make the debugger miss breakpoints. Please pass -Xfrozen_modules=off\n"}
,{"stream_name":"stderr","time":6.689136712,"data":"0.00s - to python to disable frozen modules.\n"}
,{"stream_name":"stderr","time":6.689140742,"data":"0.00s - Note: Debugging will proceed. Set PYDEVD_DISABLE_FILE_VALIDATION=1 to disable this validation.\n"}
,{"stream_name":"stderr","time":7.23167445,"data":"0.00s - Debugger warning: It seems that frozen modules are being used, which may\n"}
,{"stream_name":"stderr","time":7.23171202,"data":"0.00s - make the debugger miss breakpoints. Please pass -Xfrozen_modules=off\n"}
,{"stream_name":"stderr","time":7.23171531,"data":"0.00s - to python to disable frozen modules.\n"}
,{"stream_name":"stderr","time":7.23171884,"data":"0.00s - Note: Debugging will proceed. Set PYDEVD_DISABLE_FILE_VALIDATION=1 to disable this validation.\n"}
,{"stream_name":"stdout","time":10.267694264,"data":"=== /kaggle/input contents ===\n"}
,{"stream_name":"stdout","time":10.267743834000001,"data":"  /kaggle/input/datasets/utkarshpatelthefirst/master-data-1min-db/Master-Data-1min.sqlite  (2.17 GB)\n"}
,{"stream_name":"stdout","time":10.267748334,"data":"\n"}
,{"stream_name":"stdout","time":10.267751464,"data":"✅ DB_PATH = /kaggle/input/datasets/utkarshpatelthefirst/master-data-1min-db/Master-Data-1min.sqlite\n"}
,{"stream_name":"stdout","time":10.460307633,"data":"=== Loading All DB Data ===\n"}
,{"stream_name":"stdout","time":109.278897039,"data":"Pivoting to price matrix...\n"}
,{"stream_name":"stdout","time":114.54988765,"data":"Price matrix: (44250, 500)\n"}
,{"stream_name":"stdout","time":114.750788856,"data":"Computing pairwise Pearson correlation...\n"}
,{"stream_name":"stdout","time":501.076358633,"data":"Saved Stage 1 outputs.\n"}
,{"stream_name":"stdout","time":501.076392002,"data":"\n"}
,{"stream_name":"stdout","time":501.076398153,"data":"Using Top 500 Production Pairs for Execution Engine...\n"}
,{"stream_name":"stdout","time":598.683990183,"data":"Saved OLS outputs.\n"}
,{"stream_name":"stdout","time":599.573190477,"data":"Warning: Looks like you're using an outdated `kaggle` version (installed: 2.0.1), please consider upgrading to the latest version (2.0.2)\n"}
,{"stream_name":"stdout","time":599.573229337,"data":"Warning: Looks like you're using an outdated `kaggle` version (installed: 2.0.1), please consider upgrading to the latest version (2.0.2)\n"}
,{"stream_name":"stdout","time":599.573236437,"data":"Starting upload for file pairs_all.csv\n"}
,{"stream_name":"stderr","time":599.573938827,"data":"\r  0%|          | 0.00/5.81M [00:00\u003c?, ?B/s]\n"}
,{"stream_name":"stderr","time":599.869189972,"data":"\r  0%|          | 0.00/5.81M [00:00\u003c?, ?B/s]\r100%|██████████| 5.81M/5.81M [00:00\u003c00:00, 20.7MB/s]\n"}
,{"stream_name":"stderr","time":599.925794654,"data":"\r100%|██████████| 5.81M/5.81M [00:00\u003c00:00, 20.7MB/s]\n"}
,{"stream_name":"stderr","time":599.925833583,"data":"\n"}
,{"stream_name":"stderr","time":599.925839633,"data":"\n"}
,{"stream_name":"stdout","time":599.926473903,"data":"Upload successful: pairs_all.csv (6MB)\n"}
,{"stream_name":"stdout","time":599.926491323,"data":"Starting upload for file ols_production_results.csv\n"}
,{"stream_name":"stderr","time":599.927222103,"data":"\r  0%|          | 0.00/23.3k [00:00\u003c?, ?B/s]\n"}
,{"stream_name":"stderr","time":600.126611489,"data":"\r  0%|          | 0.00/23.3k [00:00\u003c?, ?B/s]\r100%|██████████| 23.3k/23.3k [00:00\u003c00:00, 120kB/s]\n"}
,{"stream_name":"stderr","time":600.127649789,"data":"\r100%|██████████| 23.3k/23.3k [00:00\u003c00:00, 120kB/s]\n"}
,{"stream_name":"stderr","time":600.127661999,"data":"\n"}
,{"stream_name":"stderr","time":600.127665849,"data":"\n"}
,{"stream_name":"stdout","time":600.176339274,"data":"Upload successful: ols_production_results.csv (23KB)\n"}
,{"stream_name":"stdout","time":600.176367883,"data":"Starting upload for file pairs_top500.csv\n"}
,{"stream_name":"stderr","time":600.177837833,"data":"\r  0%|          | 0.00/22.1k [00:00\u003c?, ?B/s]\n"}
,{"stream_name":"stderr","time":600.36128644,"data":"\r  0%|          | 0.00/22.1k [00:00\u003c?, ?B/s]\r100%|██████████| 22.1k/22.1k [00:00\u003c00:00, 123kB/s]\n"}
,{"stream_name":"stderr","time":600.377561768,"data":"\r100%|██████████| 22.1k/22.1k [00:00\u003c00:00, 123kB/s]\n"}
,{"stream_name":"stderr","time":600.377595448,"data":"\n"}
,{"stream_name":"stderr","time":600.377600058,"data":"\n"}
,{"stream_name":"stdout","time":600.563569105,"data":"Upload successful: pairs_top500.csv (22KB)\n"}
,{"stream_name":"stdout","time":608.277089262,"data":"✅ Dataset ready and published.\n"}
,{"stream_name":"stderr","time":611.033293034,"data":"/usr/local/lib/python3.12/dist-packages/mistune.py:435: SyntaxWarning: invalid escape sequence '\\|'\n"}
,{"stream_name":"stderr","time":611.033319584,"data":"  cells[i][c] = re.sub('\\\\\\\\\\|', '|', cell)\n"}
,{"stream_name":"stderr","time":611.191859125,"data":"/usr/local/lib/python3.12/dist-packages/nbconvert/filters/filter_links.py:36: SyntaxWarning: invalid escape sequence '\\_'\n"}
,{"stream_name":"stderr","time":611.191930815,"data":"  text = re.sub(r'_', '\\_', text) # Escape underscores in display text\n"}
,{"stream_name":"stderr","time":611.780682622,"data":"[NbConvertApp] Converting notebook __notebook__.ipynb to notebook\n"}
,{"stream_name":"stderr","time":612.035563201,"data":"[NbConvertApp] Writing 23003 bytes to __notebook__.ipynb\n"}
,{"stream_name":"stderr","time":614.318162981,"data":"[NbConvertApp] Converting notebook __notebook__.ipynb to html\n"}
,{"stream_name":"stderr","time":615.074845849,"data":"[NbConvertApp] Writing 325358 bytes to __results__.html\n"}
]