[{"stream_name":"stderr","time":8.876528603,"data":"0.00s - Debugger warning: It seems that frozen modules are being used, which may\n"}
,{"stream_name":"stderr","time":8.876607353,"data":"0.00s - make the debugger miss breakpoints. Please pass -Xfrozen_modules=off\n"}
,{"stream_name":"stderr","time":8.876618305000001,"data":"0.00s - to python to disable frozen modules.\n"}
,{"stream_name":"stderr","time":8.876623396,"data":"0.00s - Note: Debugging will proceed. Set PYDEVD_DISABLE_FILE_VALIDATION=1 to disable this validation.\n"}
,{"stream_name":"stderr","time":9.654009468,"data":"0.00s - Debugger warning: It seems that frozen modules are being used, which may\n"}
,{"stream_name":"stderr","time":9.654051327,"data":"0.00s - make the debugger miss breakpoints. Please pass -Xfrozen_modules=off\n"}
,{"stream_name":"stderr","time":9.654057849,"data":"0.00s - to python to disable frozen modules.\n"}
,{"stream_name":"stderr","time":9.654062644,"data":"0.00s - Note: Debugging will proceed. Set PYDEVD_DISABLE_FILE_VALIDATION=1 to disable this validation.\n"}
,{"stream_name":"stdout","time":13.810876925,"data":"=== /kaggle/input contents ===\n"}
,{"stream_name":"stdout","time":13.810930594,"data":"  /kaggle/input/datasets/utkarshpatelthefirst/master-data-1min-db/Master-Data-1min.sqlite  (2.17 GB)\n"}
,{"stream_name":"stdout","time":13.810935806,"data":"\n"}
,{"stream_name":"stdout","time":13.810939116,"data":"✅ DB_PATH = /kaggle/input/datasets/utkarshpatelthefirst/master-data-1min-db/Master-Data-1min.sqlite\n"}
,{"stream_name":"stdout","time":14.000089054,"data":"=== Loading All DB Data ===\n"}
,{"stream_name":"stdout","time":129.829147421,"data":"Pivoting to price matrix...\n"}
,{"stream_name":"stdout","time":138.207666627,"data":"Price matrix: (44250, 500)\n"}
,{"stream_name":"stdout","time":138.408070713,"data":"Computing pairwise Pearson correlation...\n"}
,{"stream_name":"stdout","time":752.350069771,"data":"Saved Stage 1 outputs.\n"}
,{"stream_name":"stdout","time":752.350217573,"data":"\n"}
,{"stream_name":"stdout","time":752.350223384,"data":"Using Top 500 Production Pairs for Stage 2 \u0026 3...\n"}
,{"stream_name":"stdout","time":772.704065508,"data":"Saved Stage 2 outputs.\n"}
,{"stream_name":"stdout","time":2219.902713911,"data":"Saved Stage 3 outputs.\n"}
,{"stream_name":"stdout","time":2221.084094968,"data":"Warning: Looks like you're using an outdated `kaggle` version (installed: 2.0.1), please consider upgrading to the latest version (2.0.2)\n"}
,{"stream_name":"stdout","time":2221.084149963,"data":"Warning: Looks like you're using an outdated `kaggle` version (installed: 2.0.1), please consider upgrading to the latest version (2.0.2)\n"}
,{"stream_name":"stdout","time":2221.084158331,"data":"✅ Dataset ready and published.\n"}
,{"stream_name":"stderr","time":2224.700002137,"data":"/usr/local/lib/python3.12/dist-packages/mistune.py:435: SyntaxWarning: invalid escape sequence '\\|'\n"}
,{"stream_name":"stderr","time":2224.700035168,"data":"  cells[i][c] = re.sub('\\\\\\\\\\|', '|', cell)\n"}
,{"stream_name":"stderr","time":2224.904818853,"data":"/usr/local/lib/python3.12/dist-packages/nbconvert/filters/filter_links.py:36: SyntaxWarning: invalid escape sequence '\\_'\n"}
,{"stream_name":"stderr","time":2224.904851531,"data":"  text = re.sub(r'_', '\\_', text) # Escape underscores in display text\n"}
,{"stream_name":"stderr","time":2225.718030327,"data":"[NbConvertApp] Converting notebook __notebook__.ipynb to notebook\n"}
,{"stream_name":"stderr","time":2226.141679731,"data":"[NbConvertApp] Writing 28915 bytes to __notebook__.ipynb\n"}
,{"stream_name":"stderr","time":2229.343821718,"data":"[NbConvertApp] Converting notebook __notebook__.ipynb to html\n"}
,{"stream_name":"stderr","time":2230.514395214,"data":"[NbConvertApp] Writing 355205 bytes to __results__.html\n"}
]