[{"stream_name":"stderr","time":5.469341176,"data":"/usr/local/lib/python3.12/dist-packages/nbformat/__init__.py:96: MissingIDFieldWarning: Cell is missing an id field, this will become a hard error in future nbformat versions. You may want to use `normalize()` on your notebooks before validations (available since nbformat 5.1.4). Previous versions of nbformat are fixing this issue transparently, and will stop doing so in the future.\n"}
,{"stream_name":"stderr","time":5.469379561,"data":"  validate(nb)\n"}
,{"stream_name":"stderr","time":6.22612682,"data":"0.00s - Debugger warning: It seems that frozen modules are being used, which may\n"}
,{"stream_name":"stderr","time":6.226173686,"data":"0.00s - make the debugger miss breakpoints. Please pass -Xfrozen_modules=off\n"}
,{"stream_name":"stderr","time":6.226179351,"data":"0.00s - to python to disable frozen modules.\n"}
,{"stream_name":"stderr","time":6.226183081,"data":"0.00s - Note: Debugging will proceed. Set PYDEVD_DISABLE_FILE_VALIDATION=1 to disable this validation.\n"}
,{"stream_name":"stderr","time":6.793889815,"data":"0.00s - Debugger warning: It seems that frozen modules are being used, which may\n"}
,{"stream_name":"stderr","time":6.793928823,"data":"0.00s - make the debugger miss breakpoints. Please pass -Xfrozen_modules=off\n"}
,{"stream_name":"stderr","time":6.793933945,"data":"0.00s - to python to disable frozen modules.\n"}
,{"stream_name":"stderr","time":6.79393828,"data":"0.00s - Note: Debugging will proceed. Set PYDEVD_DISABLE_FILE_VALIDATION=1 to disable this validation.\n"}
,{"stream_name":"stdout","time":11.366128427,"data":"Numba: True\n"}
,{"stream_name":"stdout","time":11.366173451,"data":"=== /kaggle/input Contents ===\n"}
,{"stream_name":"stdout","time":11.366179169,"data":"  /kaggle/input/datasets/utkarshpatelthefirst/master-data-1min-db/Master-Data-1min.sqlite  (2.17 GB)\n"}
,{"stream_name":"stdout","time":11.366184068,"data":"\n"}
,{"stream_name":"stdout","time":11.366188431,"data":"✅ DB_PATH = /kaggle/input/datasets/utkarshpatelthefirst/master-data-1min-db/Master-Data-1min.sqlite\n"}
,{"stream_name":"stdout","time":118.839466101,"data":"Loaded 22,091,099 rows in 107.2s\n"}
,{"stream_name":"stdout","time":145.412126258,"data":"Intraday rows: 22,091,099\n"}
,{"stream_name":"stdout","time":159.352159858,"data":"Pivot shape: (44250, 500)\n"}
,{"stream_name":"stdout","time":159.352206703,"data":"Dropping 1 sparse symbols (\u003c80%)\n"}
,{"stream_name":"stdout","time":160.26691261,"data":"Aligned Close: (39325, 499),  Open: (39325, 499)\n"}
,{"stream_name":"stdout","time":160.657242526,"data":"Log-returns shape: (39220, 499)\n"}
,{"stream_name":"stdout","time":160.657273108,"data":"Computing correlation matrix ...\n"}
,{"stream_name":"stdout","time":166.271947607,"data":"CPU corr (GPU failed: transform: failed inside CUB: cudaErrorNoKernelImageForDevice: no kernel image is available for execution on the device)\n"}
,{"stream_name":"stdout","time":255.384792523,"data":"Total pairs: 124,251\n"}
,{"stream_name":"stdout","time":256.582139256,"data":"Saved pairs_all.csv (124233) and pairs_top500.csv (500 rows)\n"}
,{"stream_name":"stdout","time":256.582168268,"data":"IS  : 2025-12-19 09:15:00+05:30  →  2026-04-09 11:52:00+05:30  (27527 bars)\n"}
,{"stream_name":"stdout","time":256.58217457,"data":"OOS : 2026-04-09 11:53:00+05:30  →  2026-05-26 15:29:00+05:30  (11798 bars)\n"}
,{"stream_name":"stdout","time":256.78386384,"data":"Stage 2 unique symbols: 161\n"}
,{"stream_name":"stdout","time":257.17436151,"data":"Calibrating 500 pairs (single-threaded) ...\n"}
,{"stream_name":"stdout","time":737.675321119,"data":"Stage 2 complete. Tradeable: 6 / 500\n"}
,{"stream_name":"stdout","time":737.675373204,"data":"EM converged: 1 / 500\n"}
,{"stream_name":"stdout","time":737.675393616,"data":"             Q_beta       Q_alpha             R\n"}
,{"stream_name":"stdout","time":737.675397761,"data":"count  5.000000e+02  5.000000e+02  5.000000e+02\n"}
,{"stream_name":"stdout","time":737.675401141,"data":"mean   1.770104e-07  1.494977e-04  1.044841e-01\n"}
,{"stream_name":"stdout","time":737.675404401,"data":"std    6.653634e-07  4.796605e-04  4.741747e-01\n"}
,{"stream_name":"stdout","time":737.675408951,"data":"min    1.000000e-07  3.992280e-07  6.609244e-07\n"}
,{"stream_name":"stdout","time":737.675412519,"data":"25%    1.000000e-07  5.316047e-06  2.552689e-04\n"}
,{"stream_name":"stdout","time":737.675416289,"data":"50%    1.000000e-07  2.134728e-05  3.423599e-03\n"}
,{"stream_name":"stdout","time":737.675419721,"data":"75%    1.000000e-07  1.079135e-04  3.220082e-02\n"}
,{"stream_name":"stdout","time":737.675423436,"data":"max    1.269856e-05  5.105974e-03  5.426538e+00\n"}
,{"stream_name":"stdout","time":737.884280817,"data":"Stage 3A pairs: 500\n"}
,{"stream_name":"stdout","time":822.037151386,"data":"Stage 3A done. Saved 500 rows.\n"}
,{"stream_name":"stdout","time":897.059561849,"data":"Stage 3B done. Saved 500 rows.\n"}
,{"stream_name":"stdout","time":898.160671169,"data":"Warning: Looks like you're using an outdated `kaggle` version (installed: 2.0.1), please consider upgrading to the latest version (2.0.2)\n"}
,{"stream_name":"stdout","time":898.488271097,"data":"Warning: Looks like you're using an outdated `kaggle` version (installed: 2.0.1), please consider upgrading to the latest version (2.0.2)\n"}
,{"stream_name":"stdout","time":898.488303761,"data":"Copied pairs_all.csv\n"}
,{"stream_name":"stdout","time":898.488310435,"data":"Copied pairs_top500.csv\n"}
,{"stream_name":"stdout","time":898.488316206,"data":"Copied pairs_stage2_kalman_ou.csv\n"}
,{"stream_name":"stdout","time":898.488321563,"data":"Copied pairs_stage3a_optimized.csv\n"}
,{"stream_name":"stdout","time":898.488326031,"data":"Copied pairs_stage3b_backtest.csv\n"}
,{"stream_name":"stdout","time":898.488330535,"data":"Publishing dataset ...\n"}
,{"stream_name":"stdout","time":898.59173086,"data":"✅ New dataset published\n"}
,{"stream_name":"stderr","time":903.852030007,"data":"/usr/local/lib/python3.12/dist-packages/mistune.py:435: SyntaxWarning: invalid escape sequence '\\|'\n"}
,{"stream_name":"stderr","time":903.852066796,"data":"  cells[i][c] = re.sub('\\\\\\\\\\|', '|', cell)\n"}
,{"stream_name":"stderr","time":903.997717337,"data":"/usr/local/lib/python3.12/dist-packages/nbconvert/filters/filter_links.py:36: SyntaxWarning: invalid escape sequence '\\_'\n"}
,{"stream_name":"stderr","time":903.997746032,"data":"  text = re.sub(r'_', '\\_', text) # Escape underscores in display text\n"}
,{"stream_name":"stderr","time":904.592977006,"data":"[NbConvertApp] Converting notebook __notebook__.ipynb to notebook\n"}
,{"stream_name":"stderr","time":904.91190778,"data":"[NbConvertApp] Writing 40975 bytes to __notebook__.ipynb\n"}
,{"stream_name":"stderr","time":907.235765234,"data":"[NbConvertApp] Converting notebook __notebook__.ipynb to html\n"}
,{"stream_name":"stderr","time":908.170470612,"data":"[NbConvertApp] Writing 456713 bytes to __results__.html\n"}
]