[{"stream_name":"stderr","time":8.27385371,"data":"0.00s - Debugger warning: It seems that frozen modules are being used, which may\n"}
,{"stream_name":"stderr","time":8.27489943,"data":"0.00s - make the debugger miss breakpoints. Please pass -Xfrozen_modules=off\n"}
,{"stream_name":"stderr","time":8.27490417,"data":"0.00s - to python to disable frozen modules.\n"}
,{"stream_name":"stderr","time":8.27490681,"data":"0.00s - Note: Debugging will proceed. Set PYDEVD_DISABLE_FILE_VALIDATION=1 to disable this validation.\n"}
,{"stream_name":"stderr","time":8.972929596,"data":"0.00s - Debugger warning: It seems that frozen modules are being used, which may\n"}
,{"stream_name":"stderr","time":8.972989146,"data":"0.00s - make the debugger miss breakpoints. Please pass -Xfrozen_modules=off\n"}
,{"stream_name":"stderr","time":8.972995776,"data":"0.00s - to python to disable frozen modules.\n"}
,{"stream_name":"stderr","time":8.972999485999999,"data":"0.00s - Note: Debugging will proceed. Set PYDEVD_DISABLE_FILE_VALIDATION=1 to disable this validation.\n"}
,{"stream_name":"stdout","time":11.5531731,"data":"=== /kaggle/input contents ===\n"}
,{"stream_name":"stdout","time":11.55329653,"data":"\n"}
,{"stream_name":"stdout","time":11.55330414,"data":"✅ DB_PATH = /kaggle/input/datasets/utkarshpatelthefirst/master-data-1min-db/Master-Data-1min.sqlite\n"}
,{"stream_name":"stderr","time":30.690782346,"data":"/usr/local/lib/python3.12/dist-packages/mistune.py:435: SyntaxWarning: invalid escape sequence '\\|'\n"}
,{"stream_name":"stderr","time":30.690859996,"data":"  cells[i][c] = re.sub('\\\\\\\\\\|', '|', cell)\n"}
,{"stream_name":"stderr","time":30.884495661,"data":"/usr/local/lib/python3.12/dist-packages/nbconvert/filters/filter_links.py:36: SyntaxWarning: invalid escape sequence '\\_'\n"}
,{"stream_name":"stderr","time":30.884558252,"data":"  text = re.sub(r'_', '\\_', text) # Escape underscores in display text\n"}
,{"stream_name":"stderr","time":31.550167234,"data":"[NbConvertApp] Converting notebook __notebook__.ipynb to notebook\n"}
,{"stream_name":"stderr","time":31.845151413,"data":"[NbConvertApp] Writing 15365 bytes to __notebook__.ipynb\n"}
,{"stream_name":"stderr","time":34.681408199,"data":"[NbConvertApp] Converting notebook __notebook__.ipynb to html\n"}
,{"stream_name":"stderr","time":35.54886682,"data":"[NbConvertApp] Writing 300997 bytes to __results__.html\n"}
]