[{"stream_name":"stderr","time":8.151757096,"data":"0.00s - Debugger warning: It seems that frozen modules are being used, which may\n"}
,{"stream_name":"stderr","time":8.15182117,"data":"0.00s - make the debugger miss breakpoints. Please pass -Xfrozen_modules=off\n"}
,{"stream_name":"stderr","time":8.151827226,"data":"0.00s - to python to disable frozen modules.\n"}
,{"stream_name":"stderr","time":8.151830085,"data":"0.00s - Note: Debugging will proceed. Set PYDEVD_DISABLE_FILE_VALIDATION=1 to disable this validation.\n"}
,{"stream_name":"stderr","time":8.894808324,"data":"0.00s - Debugger warning: It seems that frozen modules are being used, which may\n"}
,{"stream_name":"stderr","time":8.894847943,"data":"0.00s - make the debugger miss breakpoints. Please pass -Xfrozen_modules=off\n"}
,{"stream_name":"stderr","time":8.894854279,"data":"0.00s - to python to disable frozen modules.\n"}
,{"stream_name":"stderr","time":8.894858661,"data":"0.00s - Note: Debugging will proceed. Set PYDEVD_DISABLE_FILE_VALIDATION=1 to disable this validation.\n"}
,{"stream_name":"stdout","time":13.169365612,"data":"=== /kaggle/input contents ===\n"}
,{"stream_name":"stdout","time":13.169427254,"data":"  /kaggle/input/datasets/utkarshpatelthefirst/master-data-1min-db/Master-Data-1min.sqlite  (2.17 GB)\n"}
,{"stream_name":"stdout","time":13.169433406,"data":"\n"}
,{"stream_name":"stdout","time":13.169437735,"data":"✅ DB_PATH = /kaggle/input/datasets/utkarshpatelthefirst/master-data-1min-db/Master-Data-1min.sqlite\n"}
,{"stream_name":"stdout","time":13.361926793,"data":"=== Loading All DB Data ===\n"}
,{"stream_name":"stdout","time":115.753412211,"data":"Pivoting to price matrix...\n"}
,{"stream_name":"stdout","time":125.11669044,"data":"Price matrix: (44250, 500)\n"}
,{"stream_name":"stdout","time":125.318263389,"data":"Computing pairwise Pearson correlation...\n"}
,{"stream_name":"stdout","time":717.6745536,"data":"Saved Stage 1 outputs.\n"}
,{"stream_name":"stdout","time":717.674624984,"data":"\n"}
,{"stream_name":"stdout","time":717.674632466,"data":"Using Top 500 Production Pairs for Stage 1B...\n"}
,{"stream_name":"stdout","time":1600.054238217,"data":"Saved Stage 1B outputs.\n"}
,{"stream_name":"stdout","time":1601.740067222,"data":"Warning: Looks like you're using an outdated `kaggle` version (installed: 2.0.1), please consider upgrading to the latest version (2.0.2)\n"}
,{"stream_name":"stdout","time":1602.684980387,"data":"Warning: Looks like you're using an outdated `kaggle` version (installed: 2.0.1), please consider upgrading to the latest version (2.0.2)\n"}
,{"stream_name":"stdout","time":1602.954252546,"data":"Starting upload for file stage1b_cointegration_results.csv\n"}
,{"stream_name":"stderr","time":1603.053262071,"data":"\r  0%|          | 0.00/27.6k [00:00\u003c?, ?B/s]\n"}
,{"stream_name":"stderr","time":1603.163593938,"data":"\r  0%|          | 0.00/27.6k [00:00\u003c?, ?B/s]\r 58%|█████▊    | 16.0k/27.6k [00:00\u003c00:00, 148kB/s]\n"}
,{"stream_name":"stderr","time":1604.040726042,"data":"\r 58%|█████▊    | 16.0k/27.6k [00:00\u003c00:00, 148kB/s]\r100%|██████████| 27.6k/27.6k [00:00\u003c00:00, 28.6kB/s]\n"}
,{"stream_name":"stderr","time":1604.241002217,"data":"\r100%|██████████| 27.6k/27.6k [00:00\u003c00:00, 28.6kB/s]\n"}
,{"stream_name":"stderr","time":1604.241042113,"data":"\n"}
,{"stream_name":"stderr","time":1604.241048315,"data":"\n"}
,{"stream_name":"stdout","time":1604.244846504,"data":"Upload successful: stage1b_cointegration_results.csv (28KB)\n"}
,{"stream_name":"stdout","time":1604.293256385,"data":"✅ Dataset ready and published.\n"}
,{"stream_name":"stderr","time":1608.232028037,"data":"/usr/local/lib/python3.12/dist-packages/mistune.py:435: SyntaxWarning: invalid escape sequence '\\|'\n"}
,{"stream_name":"stderr","time":1608.232091754,"data":"  cells[i][c] = re.sub('\\\\\\\\\\|', '|', cell)\n"}
,{"stream_name":"stderr","time":1608.462872227,"data":"/usr/local/lib/python3.12/dist-packages/nbconvert/filters/filter_links.py:36: SyntaxWarning: invalid escape sequence '\\_'\n"}
,{"stream_name":"stderr","time":1608.462904028,"data":"  text = re.sub(r'_', '\\_', text) # Escape underscores in display text\n"}
,{"stream_name":"stderr","time":1609.260288525,"data":"[NbConvertApp] Converting notebook __notebook__.ipynb to notebook\n"}
,{"stream_name":"stderr","time":1609.656435802,"data":"[NbConvertApp] Writing 24129 bytes to __notebook__.ipynb\n"}
,{"stream_name":"stderr","time":1612.768902797,"data":"[NbConvertApp] Converting notebook __notebook__.ipynb to html\n"}
,{"stream_name":"stderr","time":1613.898135098,"data":"[NbConvertApp] Writing 334003 bytes to __results__.html\n"}
]