[{"stream_name":"stderr","time":6.166050307,"data":"0.00s - Debugger warning: It seems that frozen modules are being used, which may\n"}
,{"stream_name":"stderr","time":6.16609289,"data":"0.00s - make the debugger miss breakpoints. Please pass -Xfrozen_modules=off\n"}
,{"stream_name":"stderr","time":6.16609648,"data":"0.00s - to python to disable frozen modules.\n"}
,{"stream_name":"stderr","time":6.166098955,"data":"0.00s - Note: Debugging will proceed. Set PYDEVD_DISABLE_FILE_VALIDATION=1 to disable this validation.\n"}
,{"stream_name":"stderr","time":6.716805739,"data":"0.00s - Debugger warning: It seems that frozen modules are being used, which may\n"}
,{"stream_name":"stderr","time":6.716834947,"data":"0.00s - make the debugger miss breakpoints. Please pass -Xfrozen_modules=off\n"}
,{"stream_name":"stderr","time":6.716839448,"data":"0.00s - to python to disable frozen modules.\n"}
,{"stream_name":"stderr","time":6.7168552009999996,"data":"0.00s - Note: Debugging will proceed. Set PYDEVD_DISABLE_FILE_VALIDATION=1 to disable this validation.\n"}
,{"stream_name":"stdout","time":9.907987422,"data":"=== /kaggle/input Contents ===\n"}
,{"stream_name":"stdout","time":9.908038316,"data":"  /kaggle/input/datasets/utkarshpatelthefirst/master-data-1min-db/Master-Data-1min.sqlite  (2.17 GB)\n"}
,{"stream_name":"stdout","time":9.908042125,"data":"\n"}
,{"stream_name":"stdout","time":9.908049907,"data":"✅ DB_PATH = /kaggle/input/datasets/utkarshpatelthefirst/master-data-1min-db/Master-Data-1min.sqlite\n"}
,{"stream_name":"stdout","time":125.298549221,"data":"Loaded 22,091,099 rows in 115.16s\n"}
,{"stream_name":"stdout","time":148.274241979,"data":"Intraday rows: 22,091,099\n"}
,{"stream_name":"stdout","time":166.423964146,"data":"Close matrix pivot shape: (44250, 500)\n"}
,{"stream_name":"stdout","time":166.42401724,"data":"Dropping 1 sparse symbols (\u003c80% coverage)\n"}
,{"stream_name":"stdout","time":167.192435705,"data":"Aligned Close Matrix shape: (39325, 499)\n"}
,{"stream_name":"stdout","time":167.192494798,"data":"Aligned Open Matrix shape: (39325, 499)\n"}
,{"stream_name":"stdout","time":167.525695619,"data":"Log returns matrix shape: (39220, 499)\n"}
,{"stream_name":"stdout","time":167.525719286,"data":"Computing correlation matrix...\n"}
,{"stream_name":"stdout","time":174.538416926,"data":"GPU path failed (transform: failed inside CUB: cudaErrorNoKernelImageForDevice: no kernel image is available for execution on the device) — using CPU\n"}
,{"stream_name":"stdout","time":254.856988287,"data":"Processing upper-triangle pairs...\n"}
,{"stream_name":"stdout","time":264.133951711,"data":"Total pairs before filter: 124,251\n"}
,{"stream_name":"stdout","time":265.336189777,"data":"Saved pairs_all.csv (124233 rows) and pairs_top500.csv (500 rows)\n"}
,{"stream_name":"stdout","time":265.33622109,"data":"In-Sample period: 2025-12-19 09:15:00+05:30 to 2026-04-09 11:52:00+05:30 (27527 bars)\n"}
,{"stream_name":"stdout","time":265.336227572,"data":"Out-of-Sample period: 2026-04-09 11:53:00+05:30 to 2026-05-26 15:29:00+05:30 (11798 bars)\n"}
,{"stream_name":"stdout","time":265.537560973,"data":"Stage 2 Unique symbols: 161\n"}
,{"stream_name":"stdout","time":265.777223472,"data":"Numba available for JIT: True\n"}
,{"stream_name":"stdout","time":265.77725317,"data":"Calibrating 500 pairs...\n"}
,{"stream_name":"stdout","time":931.097837088,"data":"Stage 2 complete. Total tradeable pairs: 11 / 500\n"}
,{"stream_name":"stdout","time":931.359446246,"data":"Stage 3A Tradeable Pairs: 11\n"}
,{"stream_name":"stdout","time":933.845379519,"data":"Stage 3A Optimization completed. Saved 11 optimized pairs.\n"}
,{"stream_name":"stdout","time":935.040124625,"data":"Stage 3B Out-of-Sample Backtest completed. Saved 11 results.\n"}
,{"stream_name":"stdout","time":936.149763609,"data":"Warning: Looks like you're using an outdated `kaggle` version (installed: 2.0.1), please consider upgrading to the latest version (2.0.2)\n"}
,{"stream_name":"stdout","time":936.14981247,"data":"Warning: Looks like you're using an outdated `kaggle` version (installed: 2.0.1), please consider upgrading to the latest version (2.0.2)\n"}
,{"stream_name":"stdout","time":936.149816653,"data":"Copied pairs_all.csv to export directory\n"}
,{"stream_name":"stdout","time":936.149819688,"data":"Copied pairs_top500.csv to export directory\n"}
,{"stream_name":"stdout","time":936.149836926,"data":"Copied pairs_stage2_kalman_ou.csv to export directory\n"}
,{"stream_name":"stdout","time":936.149841627,"data":"Copied pairs_stage3a_optimized.csv to export directory\n"}
,{"stream_name":"stdout","time":936.149845635,"data":"Copied pairs_stage3b_backtest.csv to export directory\n"}
,{"stream_name":"stdout","time":936.149849156,"data":"Publishing dataset to Kaggle...\n"}
,{"stream_name":"stdout","time":936.536964504,"data":"Starting upload for file pairs_stage3b_backtest.csv\n"}
,{"stream_name":"stderr","time":936.69320761,"data":"\r  0%|          | 0.00/448 [00:00\u003c?, ?B/s]\n"}
,{"stream_name":"stderr","time":937.421062001,"data":"\r  0%|          | 0.00/448 [00:00\u003c?, ?B/s]\r100%|██████████| 448/448 [00:00\u003c00:00, 616B/s]\n"}
,{"stream_name":"stderr","time":937.542642276,"data":"\r100%|██████████| 448/448 [00:00\u003c00:00, 616B/s]\n"}
,{"stream_name":"stderr","time":937.542680963,"data":"\n"}
,{"stream_name":"stderr","time":937.542686578,"data":"\n"}
,{"stream_name":"stdout","time":937.54342821,"data":"Upload successful: pairs_stage3b_backtest.csv (448B)\n"}
,{"stream_name":"stdout","time":937.543449235,"data":"Starting upload for file pairs_stage3a_optimized.csv\n"}
,{"stream_name":"stderr","time":937.544378998,"data":"\r  0%|          | 0.00/544 [00:00\u003c?, ?B/s]\n"}
,{"stream_name":"stderr","time":938.299387782,"data":"\r  0%|          | 0.00/544 [00:00\u003c?, ?B/s]\r100%|██████████| 544/544 [00:00\u003c00:00, 721B/s]\n"}
,{"stream_name":"stderr","time":938.440449035,"data":"\r100%|██████████| 544/544 [00:00\u003c00:00, 721B/s]\n"}
,{"stream_name":"stderr","time":938.440494524,"data":"\n"}
,{"stream_name":"stderr","time":938.440501134,"data":"\n"}
,{"stream_name":"stdout","time":938.441330859,"data":"Upload successful: pairs_stage3a_optimized.csv (544B)\n"}
,{"stream_name":"stdout","time":938.441348389,"data":"Starting upload for file pairs_all.csv\n"}
,{"stream_name":"stderr","time":938.442111775,"data":"\r  0%|          | 0.00/10.3M [00:00\u003c?, ?B/s]\n"}
,{"stream_name":"stderr","time":938.543184747,"data":"\r  0%|          | 0.00/10.3M [00:00\u003c?, ?B/s]\r 66%|██████▌   | 6.75M/10.3M [00:00\u003c00:00, 70.8MB/s]\n"}
,{"stream_name":"stderr","time":939.29927001,"data":"\r 66%|██████▌   | 6.75M/10.3M [00:00\u003c00:00, 70.8MB/s]\r100%|██████████| 10.3M/10.3M [00:00\u003c00:00, 12.6MB/s]\n"}
,{"stream_name":"stderr","time":939.438264749,"data":"\r100%|██████████| 10.3M/10.3M [00:00\u003c00:00, 12.6MB/s]\n"}
,{"stream_name":"stderr","time":939.438296704,"data":"\n"}
,{"stream_name":"stderr","time":939.438302605,"data":"\n"}
,{"stream_name":"stdout","time":939.43927713,"data":"Upload successful: pairs_all.csv (10MB)\n"}
,{"stream_name":"stdout","time":939.439302759,"data":"Starting upload for file pairs_stage2_kalman_ou.csv\n"}
,{"stream_name":"stderr","time":939.440153744,"data":"\r  0%|          | 0.00/194k [00:00\u003c?, ?B/s]\n"}
,{"stream_name":"stderr","time":940.183482174,"data":"\r  0%|          | 0.00/194k [00:00\u003c?, ?B/s]\r100%|██████████| 194k/194k [00:00\u003c00:00, 267kB/s]\n"}
,{"stream_name":"stderr","time":940.30920109,"data":"\r100%|██████████| 194k/194k [00:00\u003c00:00, 267kB/s]\n"}
,{"stream_name":"stderr","time":940.309228474,"data":"\n"}
,{"stream_name":"stderr","time":940.30923161,"data":"\n"}
,{"stream_name":"stdout","time":940.310174999,"data":"Upload successful: pairs_stage2_kalman_ou.csv (194KB)\n"}
,{"stream_name":"stdout","time":940.310204067,"data":"Starting upload for file pairs_top500.csv\n"}
,{"stream_name":"stderr","time":940.311102042,"data":"\r  0%|          | 0.00/32.0k [00:00\u003c?, ?B/s]\n"}
,{"stream_name":"stderr","time":940.999536946,"data":"\r  0%|          | 0.00/32.0k [00:00\u003c?, ?B/s]\r100%|██████████| 32.0k/32.0k [00:00\u003c00:00, 47.7kB/s]\n"}
,{"stream_name":"stderr","time":941.20075715,"data":"\r100%|██████████| 32.0k/32.0k [00:00\u003c00:00, 47.7kB/s]\n"}
,{"stream_name":"stderr","time":941.200779359,"data":"\n"}
,{"stream_name":"stderr","time":941.200783149,"data":"\n"}
,{"stream_name":"stdout","time":941.201899977,"data":"Upload successful: pairs_top500.csv (32KB)\n"}
,{"stream_name":"stdout","time":948.722443087,"data":"✅ Successfully published NEW dataset\n"}
,{"stream_name":"stderr","time":954.33415999,"data":"/usr/local/lib/python3.12/dist-packages/mistune.py:435: SyntaxWarning: invalid escape sequence '\\|'\n"}
,{"stream_name":"stderr","time":954.334194969,"data":"  cells[i][c] = re.sub('\\\\\\\\\\|', '|', cell)\n"}
,{"stream_name":"stderr","time":954.483698889,"data":"/usr/local/lib/python3.12/dist-packages/nbconvert/filters/filter_links.py:36: SyntaxWarning: invalid escape sequence '\\_'\n"}
,{"stream_name":"stderr","time":954.483728027,"data":"  text = re.sub(r'_', '\\_', text) # Escape underscores in display text\n"}
,{"stream_name":"stderr","time":955.088088593,"data":"[NbConvertApp] Converting notebook __notebook__.ipynb to notebook\n"}
,{"stream_name":"stderr","time":955.390617838,"data":"[NbConvertApp] Writing 64865 bytes to __notebook__.ipynb\n"}
,{"stream_name":"stderr","time":957.741975197,"data":"[NbConvertApp] Converting notebook __notebook__.ipynb to html\n"}
,{"stream_name":"stderr","time":958.723279892,"data":"[NbConvertApp] Writing 480313 bytes to __results__.html\n"}
]